[LOG] system_create                            : Header version = 2.03.06. Current version = 2.03.06.
[LOG] Manager::init                            : maxchannels = 256 studioflags = 00000006 flags 00000000 extradriverdata (nil).
[LOG] SystemI::init                            : Initialize version=20306 (149358), maxchannels=256, flags=0x00020000
[LOG] SystemI::setOutputInternal               : Setting output to 'FMOD PulseAudio Output'
[LOG] OutputPulseAudio::PulseAudio_RegisterLib : Loaded PulseAudio version 15.99.0.
[LOG] PulseAudio_EnumOutputCallback            : Found output device NAME:alsa_output.pci-0000_00_1f.3-platform-skl_hda_dsp_generic.HiFi__hw_sofhdadsp_5__sink DESC:sof-hda-dsp HDMI / DisplayPort 3 Output CHANNELS:2 RATE:48000.
[LOG] PulseAudio_EnumOutputCallback            : Found output device NAME:alsa_output.pci-0000_00_1f.3-platform-skl_hda_dsp_generic.HiFi__hw_sofhdadsp_4__sink DESC:sof-hda-dsp HDMI / DisplayPort 2 Output CHANNELS:2 RATE:48000.
[LOG] PulseAudio_EnumOutputCallback            : Found output device NAME:alsa_output.pci-0000_00_1f.3-platform-skl_hda_dsp_generic.HiFi__hw_sofhdadsp_3__sink DESC:sof-hda-dsp HDMI / DisplayPort 1 Output CHANNELS:2 RATE:48000.
[LOG] PulseAudio_EnumOutputCallback            : Found output device NAME:alsa_output.pci-0000_00_1f.3-platform-skl_hda_dsp_generic.HiFi__hw_sofhdadsp__sink DESC:sof-hda-dsp Speaker + Headphones CHANNELS:2 RATE:48000.
[LOG] PulseAudio_EnumInputCallback             : Found input device NAME:alsa_output.pci-0000_00_1f.3-platform-skl_hda_dsp_generic.HiFi__hw_sofhdadsp_5__sink.monitor DESC:Monitor of sof-hda-dsp HDMI / DisplayPort 3 Output CHANNELS:2 RATE:48000.
[LOG] PulseAudio_EnumInputCallback             : Found input device NAME:alsa_output.pci-0000_00_1f.3-platform-skl_hda_dsp_generic.HiFi__hw_sofhdadsp_4__sink.monitor DESC:Monitor of sof-hda-dsp HDMI / DisplayPort 2 Output CHANNELS:2 RATE:48000.
[LOG] PulseAudio_EnumInputCallback             : Found input device NAME:alsa_output.pci-0000_00_1f.3-platform-skl_hda_dsp_generic.HiFi__hw_sofhdadsp_3__sink.monitor DESC:Monitor of sof-hda-dsp HDMI / DisplayPort 1 Output CHANNELS:2 RATE:48000.
[LOG] PulseAudio_EnumInputCallback             : Found input device NAME:alsa_output.pci-0000_00_1f.3-platform-skl_hda_dsp_generic.HiFi__hw_sofhdadsp__sink.monitor DESC:Monitor of sof-hda-dsp Speaker + Headphones CHANNELS:2 RATE:48000.
[LOG] PulseAudio_EnumInputCallback             : Found input device NAME:alsa_input.pci-0000_00_1f.3-platform-skl_hda_dsp_generic.HiFi__hw_sofhdadsp__source DESC:sof-hda-dsp Headphones Stereo Microphone CHANNELS:2 RATE:48000.
[LOG] PulseAudio_EnumInputCallback             : Found input device NAME:alsa_input.pci-0000_00_1f.3-platform-skl_hda_dsp_generic.HiFi__hw_sofhdadsp_6__source DESC:sof-hda-dsp Digital Microphone CHANNELS:2 RATE:48000.
[LOG] Thread::initThread                       : Init FMOD stream thread. Affinity: 0x4000000000000003, Priority: 0xFFFF7FFB, Stack Size: 98304, Semaphore: No, Sleep Time: 10, Looping: Yes.
[LOG] FMOD_OS_Thread_Callback                  : Cannot set real-time thread priorities due to insufficient privileges
[LOG] SystemI::DSPCodecPoolRegister            : register codec pool for pool type 0
[LOG] Thread::initThread                       : Init FMOD mixer thread. Affinity: 0x4000000000000001, Priority: 0xFFFF7FFA, Stack Size: 81920, Semaphore: No, Sleep Time: 0, Looping: Yes.
[LOG] FMOD_OS_Thread_Callback                  : Cannot set real-time thread priorities due to insufficient privileges
[LOG] AsyncManager::init                       : manager 0x561edc602698 isAsync 0 updatePeriod 0.02
[LOG] AsyncManager::init                       : done
[LOG] PlaybackSystem::init                     : 
[LOG] Thread::initThread                       : Init FMOD Studio sample load thread. Affinity: 0x4000000000000003, Priority: 0xFFFF7FFD, Stack Size: 98304, Semaphore: No, Sleep Time: 1, Looping: No.
[LOG] FMOD_OS_Thread_Callback                  : Cannot set real-time thread priorities due to insufficient privileges
[LOG] PlaybackSystem::init                     : done
[LOG] Thread::initThread                       : Init FMOD Studio bank load thread. Affinity: 0x4000000000000003, Priority: 0xFFFF7FFD, Stack Size: 98304, Semaphore: No, Sleep Time: 1, Looping: No.
[LOG] FMOD_OS_Thread_Callback                  : Cannot set real-time thread priorities due to insufficient privileges
[LOG] Manager::init                            : done.
[LOG] BankLoader::serializeBank                : fileversion = 146, compatVersion = 146 (oldest = 44, newest = 146)
[LOG] BankLoader::serializeBank                : fileversion = 146, compatVersion = 146 (oldest = 44, newest = 146)
[LOG] BankLoader::serializeBank                : fileversion = 146, compatVersion = 146 (oldest = 44, newest = 146)
[LOG] PlaybackSystem::acquireMasterBus         : Setting master channel group format to 3
[WRN] PulseAudio_StreamUnderflowCallback       : Buffer underrun detected in PulseAudio. Current block Count = 4
[LOG] PulseAudio_StreamUnderflowCallback       : Increasing buffer size - new block count = 5.
[WRN] PulseAudio_StreamUnderflowCallback       : Buffer underrun detected in PulseAudio. Current block Count = 5
[LOG] PulseAudio_StreamUnderflowCallback       : Increasing buffer size - new block count = 6.
[LOG] Thread::callback                         : FMOD Studio bank load thread finished.
[LOG] Thread::callback                         : FMOD Studio sample load thread finished.
[LOG] LiveUpdate::release                      : 
[LOG] LiveUpdate::reset                        : Reset connection (reason Disconnected)
[LOG] Thread::callback                         : FMOD stream thread finished.
[LOG] Thread::callback                         : FMOD mixer thread finished.
[LOG] SystemI::closeInternal                   : Closed.
